
67. Printing statistics.

=== uart_top ===

   Number of wires:                169
   Number of wire bits:            183
   Number of public wires:          42
   Number of public wire bits:      56
   Number of memories:               0
   Number of memory bits:            0
   Number of processes:              0
   Number of cells:                171
     sky130_fd_sc_hd__a211oi_2       1
     sky130_fd_sc_hd__a21bo_2        1
     sky130_fd_sc_hd__a21o_2         1
     sky130_fd_sc_hd__a21oi_2        7
     sky130_fd_sc_hd__a221o_2        1
     sky130_fd_sc_hd__a22o_2         1
     sky130_fd_sc_hd__a31o_2         2
     sky130_fd_sc_hd__a32o_2         2
     sky130_fd_sc_hd__and2_2         3
     sky130_fd_sc_hd__and2b_2        2
     sky130_fd_sc_hd__and3_2         5
     sky130_fd_sc_hd__and3b_2        3
     sky130_fd_sc_hd__and4_2         2
     sky130_fd_sc_hd__and4b_2        1
     sky130_fd_sc_hd__and4bb_2       1
     sky130_fd_sc_hd__buf_1         25
     sky130_fd_sc_hd__dfrtp_2       33
     sky130_fd_sc_hd__dfxtp_2        8
     sky130_fd_sc_hd__inv_2          3
     sky130_fd_sc_hd__mux2_2        27
     sky130_fd_sc_hd__nand2_2        5
     sky130_fd_sc_hd__nand3_2        2
     sky130_fd_sc_hd__nand4_2        1
     sky130_fd_sc_hd__nor2_2        11
     sky130_fd_sc_hd__nor3_2         1
     sky130_fd_sc_hd__nor3b_2        1
     sky130_fd_sc_hd__o21a_2         6
     sky130_fd_sc_hd__o21ai_2        4
     sky130_fd_sc_hd__o21bai_2       1
     sky130_fd_sc_hd__o22a_2         2
     sky130_fd_sc_hd__or2_2          4
     sky130_fd_sc_hd__or3b_2         1
     sky130_fd_sc_hd__or4b_2         1
     sky130_fd_sc_hd__xnor2_2        2

   Chip area for module '\uart_top': 2102.016000

